C51 COMPILER V9.60.0.0   DELAY                                                             01/26/2024 23:04:38 PAGE 1   


C51 COMPILER V9.60.0.0, COMPILATION OF MODULE DELAY
OBJECT MODULE PLACED IN .\output\delay.obj
COMPILER INVOKED BY: C:\Keil_v5\C51\BIN\C51.EXE user\delay.c ROM(COMPACT) OPTIMIZE(8,SPEED) BROWSE INCDIR(.\user;.\STD_L
                    -IB) DEBUG OBJECTEXTEND PRINT(.\output\delay.lst) TABS(2) OBJECT(.\output\delay.obj)

line level    source

   1          #include "delay.h"
   2          
   3          //--------------------------------------------------------------------------------------------------------
             ------------
   4          //  @brief      软件延时函数//内部时钟频率33.1776Mhz
   5          //  @param      x             需要延时的时间（ms）
   6          //  @return     void
   7          //  Sample usage:               无需用户调用，用户请使用h文件中的宏定义
   8          //--------------------------------------------------------------------------------------------------------
             ------------
   9          void delay_ms(uint16 x)
  10          {
  11   1          uint8 i,j;
  12   1          while(x--)
  13   1          {
  14   2          _nop_();
  15   2          _nop_();
  16   2          i = 44;
  17   2          j = 19;
  18   2          do
  19   2          {
  20   3            while (--j);
  21   3          } while (--i);
  22   2          }
  23   1      }
  24          
  25          
  26          //--------------------------------------------------------------------------------------------------------
             ------------
  27          //  @brief      软件延时函数//内部时钟频率33.1776Mhz
  28          //  @param      x             需要延时的时间（us）
  29          //  @return     void
  30          //  Sample usage:               无需用户调用，用户请使用h文件中的宏定义
  31          //--------------------------------------------------------------------------------------------------------
             ------------
  32          void delay_us(uint16 x)
  33          {
  34   1          uint8 i;
  35   1          while(x--)
  36   1          {
  37   2          i = 9;
  38   2          while (--i);
  39   2          }
  40   1      }


MODULE INFORMATION:   STATIC OVERLAYABLE
   CODE SIZE        =     42    ----
   CONSTANT SIZE    =   ----    ----
   XDATA SIZE       =   ----    ----
   PDATA SIZE       =   ----    ----
   DATA SIZE        =   ----    ----
   IDATA SIZE       =   ----    ----
   BIT SIZE         =   ----    ----
C51 COMPILER V9.60.0.0   DELAY                                                             01/26/2024 23:04:38 PAGE 2   

END OF MODULE INFORMATION.


C51 COMPILATION COMPLETE.  0 WARNING(S),  0 ERROR(S)
